

SQL> set serveroutput on;

ON
SQL> 
SQL> -- plsql debug tool test
SQL> -- test step1 start
SQL> create or replace function is_drop_exec_func_stop() return boolean is
  2 begin
  3   execute immediate 'select id from gs_plsql_debug.drop_exec_func_id_t where id = 0';
  4   return true;
  5 exception
  6   when others then
  7     return false;
  8 end;
  9 /

Succeed.

SQL> 
SQL> begin
  2   for i in 1..100000 loop
  3     if sys.is_drop_exec_func_stop() then
  4 	  exit;
  5     end if;
  6   end loop;
  7 end;
  8 /

PL/SQL procedure successfully completed.

SQL> drop function drop_exec_func;

Succeed.

SQL> -- test step1 end
SQL> 
SQL> set serveroutput off;
OFF



