

SQL> 
SQL> --Do not change expectations easily; there may be a virtual memory leak
SQL> select ID,TOTAL_VIRTUAL,FREE_VIRTUAL,PAGE_SIZE,TOTAL_PAGES,FREE_PAGES from v$temp_pool;

ID           TOTAL_VIRTUAL FREE_VIRTUAL PAGE_SIZE    TOTAL_PAGES  FREE_PAGES  
------------ ------------- ------------ ------------ ------------ ------------ 
0            3276          3273         131072       2047         2043    
  
1 rows fetched.

SQL> select count(1) from v$vm_func_stack;

COUNT(1)            
--------------------
4                   

1 rows fetched.

SQL> 
SQL> --Turn off the vm monitoring
SQL> ALTER SYSTEM SET _MAX_VM_FUNC_STACK_COUNT = 0;

Succeed.

SQL> SHOW PARAMETER _MAX_VM_FUNC_STACK_COUNT;

NAME                                                             DATATYPE             VALUE                                                            RUNTIME_VALUE                                                    EFFECTIVE           
---------------------------------------------------------------- -------------------- ---------------------------------------------------------------- ---------------------------------------------------------------- --------------------
_MAX_VM_FUNC_STACK_COUNT                                         CT_TYPE_UINT32       0                                                                0                                                                immediately         


SQL> 


