

SQL> CREATE USER logic_u1 IDENTIFIED by Cantian123;

Succeed.

SQL> GRANT CREATE SESSION TO logic_u1 WITH ADMIN OPTION;

Succeed.

SQL> GRANT CREATE TABLE TO logic_u1;

Succeed.

SQL> GRANT DBA TO logic_u1;

Succeed.

SQL> COMMIT;

Succeed.

SQL> 
SQL> conn logic_u1/Cantian123@127.0.0.1:1611

connected.

SQL> ALTER DATABASE ENABLE_LOGIC_REPLICATION ON;

Succeed.

SQL> CREATE TABLE logic_t1 (id int primary key);

Succeed.

SQL> ALTER TABLE logic_t1 ADD LOGICAL LOG (PRIMARY KEY);

Succeed.

SQL> INSERT INTO logic_t1 VALUES(1);

1 rows affected.

SQL> DELETE logic_t1 WHERE id=1;

1 rows affected.

SQL> COMMIT;

Succeed.

SQL> 


