

SQL> DROP TABLE IF EXISTS TEST_SYNCPOINT;

Succeed.

SQL> CREATE TABLE TEST_SYNCPOINT(id int);

Succeed.

SQL> INSERT INTO TEST_SYNCPOINT VALUES(1);

1 rows affected.

SQL> SYNCPOINT SP_B4_HEAP_DELETE SIGNAL del RAISE 1;

Succeed.

SQL> DELETE FROM TEST_SYNCPOINT;

1 rows affected.

SQL> COMMIT;

Succeed.

SQL> DROP TABLE TEST_SYNCPOINT;

Succeed.

SQL> 


