

SQL> 
SQL> --Do not change expectations easily; there may be a virtual memory leak
SQL> select ID,TOTAL_VIRTUAL,FREE_VIRTUAL,PAGE_SIZE,TOTAL_PAGES,FREE_PAGES from v$temp_pool;

ID           TOTAL_VIRTUAL FREE_VIRTUAL PAGE_SIZE    TOTAL_PAGES  FREE_PAGES  
------------ ------------- ------------ ------------ ------------ ------------ 
0            3276          3273         131072       2047         2044
  
1 rows fetched.                                                             

SQL> select count(1) from v$vm_func_stack;

COUNT(1)            
--------------------
4                   

1 rows fetched.

SQL> 


